WARNING -  A relative path to 'documents/transactions/overview.md' is included in the 'nav' configuration, which is not found in the documentation files 
WARNING -  A relative path to 'documents/transactions/transaction-invocation.md' is included in the 'nav' configuration, which is not found in the documentation files 
WARNING -  A relative path to 'documents/transactions/passing-parameters.md' is included in the 'nav' configuration, which is not found in the documentation files 
WARNING -  A relative path to 'documents/transactions/locking-isolation.md' is included in the 'nav' configuration, which is not found in the documentation files 
WARNING -  A relative path to 'documents/transactions/durability.md' is included in the 'nav' configuration, which is not found in the documentation files 
WARNING -  A relative path to 'documents/transactions/limitations.md' is included in the 'nav' configuration, which is not found in the documentation files 
WARNING -  A relative path to 'documents/indexing/working-with-indexes#geo-spatial-indexes' is included in the 'nav' configuration, which is not found in the documentation files 
WARNING -  A relative path to 'search/tutorials/using_rest_api.md' is included in the 'nav' configuration, which is not found in the documentation files 
WARNING -  A relative path to 'cep/tutorials/triggering-data.md' is included in the 'nav' configuration, which is not found in the documentation files 
/Users/durga/opt/anaconda3/lib/python3.7/site-packages/pymdownx/superfences.py:662: PymdownxDeprecationWarning: 
The tab option in SuperFences has been deprecated in favor of the general purpose 'pymdownx.tabbed' extension.
While you can continue to use this feature for now, it will be removed in the future.
Also be mindful of the class changes, if you require old style classes, please enable the 'legacy_tab_classes' option.

  warnings.warn(MSG_TAB_DEPRECATION, PymdownxDeprecationWarning)
WARNING -  Documentation file 'essentials.md' contains a link to 'indexing/overview.md' which is not found in the documentation files. 
WARNING -  Documentation file 'c8ql/c8ql-tutorial.md' contains a link to '../operations/filter.md' which is not found in the documentation files. 
WARNING -  Documentation file 'c8ql/c8ql-tutorial.md' contains a link to '../operations/Sort.md' which is not found in the documentation files. 
WARNING -  Documentation file 'c8ql/c8ql-tutorial.md' contains a link to '../operations/Limit.md' which is not found in the documentation files. 
WARNING -  Documentation file 'c8ql/c8ql-tutorial.md' contains a link to 'c8ql/CRUD.md' which is not found in the documentation files. 
WARNING -  Documentation file 'c8ql/c8ql-tutorial.md' contains a link to 'ArrayOperators.md' which is not found in the documentation files. 
WARNING -  Documentation file 'c8ql/c8ql-tutorial.md' contains a link to 'Graphs/Traversals.md' which is not found in the documentation files. 
WARNING -  Documentation file 'c8ql/c8ql-tutorial.md' contains a link to 'Graphs/Traversals.md' which is not found in the documentation files. 
WARNING -  Documentation file 'c8ql/c8ql-tutorial.md' contains a link to 'Graphs/Traversals.md' which is not found in the documentation files. 
WARNING -  Documentation file 'c8ql/c8ql-tutorial.md' contains a link to '../Manual/Indexing/Geo.html' which is not found in the documentation files. 
WARNING -  Documentation file 'c8ql/c8ql-tutorial.md' contains a link to '../Manual/Indexing/Geo.html' which is not found in the documentation files. 
WARNING -  Documentation file 'c8ql/coming-from-sql.md' contains a link to 'C8QL/Functions/README.md' which is not found in the documentation files. 
WARNING -  Documentation file 'c8ql/common-errors.md' contains a link to 'c8ql/fundamentals/bind-parameters.md' which is not found in the documentation files. 
WARNING -  Documentation file 'c8ql/common-errors.md' contains a link to '../../drivers.md' which is not found in the documentation files. 
WARNING -  Documentation file 'c8ql/common-errors.md' contains a link to '../appendix/references.md' which is not found in the documentation files. 
WARNING -  Documentation file 'c8ql/examples.md' contains a link to 'c8ql/execution-and-performance-explaining-queries.html' which is not found in the documentation files. 
WARNING -  Documentation file 'c8ql/examples.md' contains a link to 'c8ql/images/cities_graph.png' which is not found in the documentation files. 
WARNING -  Documentation file 'c8ql/examples.md' contains a link to 'c8ql/images/mps_graph.png' which is not found in the documentation files. 
WARNING -  Documentation file 'c8ql/examples.md' contains a link to 'c8ql/images/mps_graph.png' which is not found in the documentation files. 
WARNING -  Documentation file 'c8ql/fundamentals.md' contains a link to '../naming-conventions.md' which is not found in the documentation files. 
WARNING -  Documentation file 'c8ql/fundamentals.md' contains a link to '../naming-conventions.md' which is not found in the documentation files. 
WARNING -  Documentation file 'c8ql/fundamentals.md' contains a link to 'functions/string.md' which is not found in the documentation files. 
WARNING -  Documentation file 'c8ql/fundamentals.md' contains a link to 'c8ql/error-codes.md' which is not found in the documentation files. 
WARNING -  Documentation file 'c8ql/introduction.md' contains a link to 'c8ql/documents/tutorials/c8ql-tutorial.md' which is not found in the documentation files. 
WARNING -  Documentation file 'c8ql/introduction.md' contains a link to 'c8ql/query-patterns/overview.md' which is not found in the documentation files. 
WARNING -  Documentation file 'c8ql/introduction.md' contains a link to 'c8ql/documents/tutorials/using-c8ql.md' which is not found in the documentation files. 
WARNING -  Documentation file 'c8ql/examples/joins.md' contains a link to 'c8ql/examples/execution-and-performance-explaining-queries.html' which is not found in the documentation files. 
WARNING -  Documentation file 'c8ql/examples/multiple-path-search.md' contains a link to '../images/mps_graph.png' which is not found in the documentation files. 
WARNING -  Documentation file 'c8ql/examples/multiple-path-search.md' contains a link to '../images/mps_graph.png' which is not found in the documentation files. 
WARNING -  Documentation file 'c8ql/examples/remove-vertex.md' contains a link to '../images/knows_graph.png' which is not found in the documentation files. 
WARNING -  Documentation file 'c8ql/examples/remove-vertex.md' contains a link to '../images/knows_graph.png' which is not found in the documentation files. 
WARNING -  Documentation file 'c8ql/examples/remove-vertex.md' contains a link to '../images/cities_graph.png' which is not found in the documentation files. 
WARNING -  Documentation file 'c8ql/examples/remove-vertex.md' contains a link to '../images/cities_graph.png' which is not found in the documentation files. 
WARNING -  Documentation file 'c8ql/examples/traversals.md' contains a link to '../images/cities_graph.png' which is not found in the documentation files. 
WARNING -  Documentation file 'c8ql/functions/array.md' contains a link to 'c8ql/functions/fundamentals-data-types.html' which is not found in the documentation files. 
WARNING -  Documentation file 'c8ql/functions/array.md' contains a link to 'c8ql/functions/advanced-array-operators.html' which is not found in the documentation files. 
WARNING -  Documentation file 'c8ql/functions/array.md' contains a link to 'c8ql/functions/operators.html' which is not found in the documentation files. 
WARNING -  Documentation file 'c8ql/functions/array.md' contains a link to 'c8ql/functions/operations-for.html' which is not found in the documentation files. 
WARNING -  Documentation file 'c8ql/functions/array.md' contains a link to 'c8ql/functions/operations-sort.html' which is not found in the documentation files. 
WARNING -  Documentation file 'c8ql/functions/array.md' contains a link to 'c8ql/functions/operations-limit.html' which is not found in the documentation files. 
WARNING -  Documentation file 'c8ql/functions/array.md' contains a link to 'c8ql/functions/operations-collect.html' which is not found in the documentation files. 
WARNING -  Documentation file 'c8ql/functions/array.md' contains a link to 'c8ql/functions/advanced-array-operators.html' which is not found in the documentation files. 
WARNING -  Documentation file 'c8ql/functions/array.md' contains a link to 'c8ql/functions/functions-document.html' which is not found in the documentation files. 
WARNING -  Documentation file 'c8ql/functions/array.md' contains a link to 'c8ql/functions/functions-miscellaneous.html' which is not found in the documentation files. 
WARNING -  Documentation file 'c8ql/functions/array.md' contains a link to 'c8ql/functions/string.html' which is not found in the documentation files. 
WARNING -  Documentation file 'c8ql/functions/array.md' contains a link to 'c8ql/functions/string.html' which is not found in the documentation files. 
WARNING -  Documentation file 'c8ql/functions/date.md' contains a link to 'c8ql/functions/operations-sort.html' which is not found in the documentation files. 
WARNING -  Documentation file 'c8ql/functions/date.md' contains a link to '../indexing/overview.md' which is not found in the documentation files. 
WARNING -  Documentation file 'c8ql/functions/date.md' contains a link to 'c8ql/indexing-skiplist.html' which is not found in the documentation files. 
WARNING -  Documentation file 'c8ql/functions/document.md' contains a link to 'c8ql/functions/fundamentals-data-types.html' which is not found in the documentation files. 
WARNING -  Documentation file 'c8ql/functions/document.md' contains a link to 'c8ql/functions/functions-array.html' which is not found in the documentation files. 
WARNING -  Documentation file 'c8ql/functions/document.md' contains a link to 'c8ql/functions/functions-miscellaneous.html' which is not found in the documentation files. 
WARNING -  Documentation file 'c8ql/functions/document.md' contains a link to 'c8ql/functions/functions-string.html' which is not found in the documentation files. 
WARNING -  Documentation file 'c8ql/functions/document.md' contains a link to 'c8ql/appendix-glossary.html' which is not found in the documentation files. 
WARNING -  Documentation file 'c8ql/functions/document.md' contains a link to 'c8ql/appendix-glossary.html' which is not found in the documentation files. 
WARNING -  Documentation file 'c8ql/functions/miscellaneous.md' contains a link to 'c8ql/functions/operators.html' which is not found in the documentation files. 
WARNING -  Documentation file 'c8ql/functions/miscellaneous.md' contains a link to 'c8ql/functions/operations-with.html' which is not found in the documentation files. 
WARNING -  Documentation file 'c8ql/functions/miscellaneous.md' contains a link to 'c8ql/functions/functions-array.html' which is not found in the documentation files. 
WARNING -  Documentation file 'c8ql/functions/miscellaneous.md' contains a link to 'c8ql/functions/functions-document.html' which is not found in the documentation files. 
WARNING -  Documentation file 'c8ql/functions/miscellaneous.md' contains a link to 'c8ql/functions/functions-string.html' which is not found in the documentation files. 
WARNING -  Documentation file 'c8ql/functions/miscellaneous.md' contains a link to 'c8ql/functions/functions-string.html' which is not found in the documentation files. 
WARNING -  Documentation file 'c8ql/functions/miscellaneous.md' contains a link to 'c8ql/functions/functions-string.html' which is not found in the documentation files. 
WARNING -  Documentation file 'c8ql/functions/miscellaneous.md' contains a link to 'c8ql/functions/functions-string.html' which is not found in the documentation files. 
WARNING -  Documentation file 'c8ql/functions/miscellaneous.md' contains a link to 'c8ql/functions/functions-string.html' which is not found in the documentation files. 
WARNING -  Documentation file 'c8ql/functions/miscellaneous.md' contains a link to 'c8ql/functions/functions-string.html' which is not found in the documentation files. 
WARNING -  Documentation file 'c8ql/functions/numeric.md' contains a link to 'c8ql/functions/fundamentals-type-value-order.html' which is not found in the documentation files. 
WARNING -  Documentation file 'c8ql/functions/numeric.md' contains a link to 'c8ql/functions/fundamentals-type-value-order.html' which is not found in the documentation files. 
WARNING -  Documentation file 'c8ql/functions/numeric.md' contains a link to 'c8ql/functions/operators.html' which is not found in the documentation files. 
WARNING -  Documentation file 'c8ql/functions/numeric.md' contains a link to 'c8ql/functions/operators.html' which is not found in the documentation files. 
WARNING -  Documentation file 'c8ql/functions/search.md' contains a link to 'c8ql/search-analyzers.html' which is not found in the documentation files. 
WARNING -  Documentation file 'c8ql/functions/search.md' contains a link to 'c8ql/search-analyzers.html' which is not found in the documentation files. 
WARNING -  Documentation file 'c8ql/functions/search.md' contains a link to 'c8ql/search-analyzers.html' which is not found in the documentation files. 
WARNING -  Documentation file 'c8ql/functions/string.md' contains a link to 'c8ql/functions/functions-array.html' which is not found in the documentation files. 
WARNING -  Documentation file 'c8ql/functions/string.md' contains a link to 'c8ql/functions/functions-array.html' which is not found in the documentation files. 
WARNING -  Documentation file 'c8ql/functions/string.md' contains a link to 'c8ql/functions/functions-document.html' which is not found in the documentation files. 
WARNING -  Documentation file 'c8ql/functions/string.md' contains a link to 'c8ql/functions/functions-miscellaneous.html' which is not found in the documentation files. 
WARNING -  Documentation file 'c8ql/functions/type-cast.md' contains a link to 'c8ql/functions/functions-document.html' which is not found in the documentation files. 
WARNING -  Documentation file 'c8ql/functions/type-cast.md' contains a link to 'c8ql/functions/functions-document.html' which is not found in the documentation files. 
WARNING -  Documentation file 'c8ql/functions/type-cast.md' contains a link to 'c8ql/data-modeling-naming-conventions-document-keys.html' which is not found in the documentation files. 
WARNING -  Documentation file 'c8ql/graphs/k-shortest-paths.md' contains a link to 'images/train_map.png' which is not found in the documentation files. 
WARNING -  Documentation file 'c8ql/graphs/k-shortest-paths.md' contains a link to 'images/train_map.png' which is not found in the documentation files. 
WARNING -  Documentation file 'c8ql/graphs/overview.md' contains a link to 'c8ql/graphs/traversals-explained.md' which is not found in the documentation files. 
WARNING -  Documentation file 'c8ql/graphs/shortest-path.md' contains a link to 'images/traversal_graph.png' which is not found in the documentation files. 
WARNING -  Documentation file 'c8ql/graphs/shortest-path.md' contains a link to 'images/traversal_graph.png' which is not found in the documentation files. 
WARNING -  Documentation file 'c8ql/graphs/traversals.md' contains a link to 'images/traversal_graph.png' which is not found in the documentation files. 
WARNING -  Documentation file 'c8ql/graphs/traversals.md' contains a link to 'images/traversal_graph1.png' which is not found in the documentation files. 
WARNING -  Documentation file 'c8ql/graphs/traversals.md' contains a link to 'images/traversal_graph2.png' which is not found in the documentation files. 
WARNING -  Documentation file 'c8ql/graphs/traversals.md' contains a link to 'images/traversal_graph3.png' which is not found in the documentation files. 
WARNING -  Documentation file 'c8ql/graphs/traversals.md' contains a link to 'images/traversal_graph4.png' which is not found in the documentation files. 
WARNING -  Documentation file 'c8ql/graphs/traversals.md' contains a link to 'images/traversal_graph5.png' which is not found in the documentation files. 
WARNING -  Documentation file 'c8ql/graphs/traversals.md' contains a link to 'images/traversal_graph6.png' which is not found in the documentation files. 
WARNING -  Documentation file 'c8ql/graphs/traversals.md' contains a link to 'images/traversal_graph7.png' which is not found in the documentation files. 
WARNING -  Documentation file 'c8ql/graphs/traversals.md' contains a link to 'images/traversal_graph.png' which is not found in the documentation files. 
WARNING -  Documentation file 'c8ql/graphs/traversals.md' contains a link to 'c8ql/graphs/execution-and-performance-optimizer.html' which is not found in the documentation files. 
WARNING -  Documentation file 'c8ql/operations/filter.md' contains a link to 'c8ql/operations/operators.md' which is not found in the documentation files. 
WARNING -  Documentation file 'c8ql/operations/filter.md' contains a link to 'c8ql/operations/fundamentals-document-data.html' which is not found in the documentation files. 
WARNING -  Documentation file 'c8ql/operations/filter.md' contains a link to 'c8ql/operations/examples.html' which is not found in the documentation files. 
WARNING -  Documentation file 'c8ql/operations/for.md' contains a link to 'c8ql/operations/graphs-traversals.html' which is not found in the documentation files. 
WARNING -  Documentation file 'c8ql/operations/for.md' contains a link to 'c8ql/operations/operations-search.html' which is not found in the documentation files. 
WARNING -  Documentation file 'c8ql/operations/insert.md' contains a link to 'c8ql/appendix-glossary.html' which is not found in the documentation files. 
WARNING -  Documentation file 'c8ql/operations/insert.md' contains a link to 'c8ql/appendix-glossary.html' which is not found in the documentation files. 
WARNING -  Documentation file 'c8ql/operations/remove.md' contains a link to 'c8ql/appendix-glossary.html' which is not found in the documentation files. 
WARNING -  Documentation file 'c8ql/operations/remove.md' contains a link to 'c8ql/appendix-glossary.html' which is not found in the documentation files. 
WARNING -  Documentation file 'c8ql/operations/replace.md' contains a link to 'c8ql/appendix-glossary.html' which is not found in the documentation files. 
WARNING -  Documentation file 'c8ql/operations/return.md' contains a link to 'c8ql/operations/examples-combining-queries.html' which is not found in the documentation files. 
WARNING -  Documentation file 'c8ql/operations/return.md' contains a link to 'c8ql/operations/fundamentals-data-types.html' which is not found in the documentation files. 
WARNING -  Documentation file 'c8ql/operations/return.md' contains a link to 'c8ql/operations/functions-document.html' which is not found in the documentation files. 
WARNING -  Documentation file 'c8ql/operations/search.md' contains a link to 'c8ql/operations/operations-for.html' which is not found in the documentation files. 
WARNING -  Documentation file 'c8ql/operations/search.md' contains a link to 'c8ql/search-views.html' which is not found in the documentation files. 
WARNING -  Documentation file 'c8ql/operations/search.md' contains a link to 'c8ql/operations/functions-search.html' which is not found in the documentation files. 
WARNING -  Documentation file 'c8ql/operations/search.md' contains a link to 'c8ql/search-views.html' which is not found in the documentation files. 
WARNING -  Documentation file 'c8ql/operations/search.md' contains a link to 'c8ql/search-views.html' which is not found in the documentation files. 
WARNING -  Documentation file 'c8ql/operations/search.md' contains a link to 'c8ql/operations/operators.html' which is not found in the documentation files. 
WARNING -  Documentation file 'c8ql/operations/search.md' contains a link to 'c8ql/search-analyzers.html' which is not found in the documentation files. 
WARNING -  Documentation file 'c8ql/operations/search.md' contains a link to 'c8ql/operations/operations-sort.html' which is not found in the documentation files. 
WARNING -  Documentation file 'c8ql/operations/search.md' contains a link to 'c8ql/search-views.html' which is not found in the documentation files. 
WARNING -  Documentation file 'c8ql/operations/search.md' contains a link to 'c8ql/operations/functions-search.html' which is not found in the documentation files. 
WARNING -  Documentation file 'c8ql/operations/search.md' contains a link to 'c8ql/operations/functions-search.html' which is not found in the documentation files. 
WARNING -  Documentation file 'c8ql/operations/update.md' contains a link to 'c8ql/appendix-glossary.html' which is not found in the documentation files. 
WARNING -  Documentation file 'c8ql/operations/upsert.md' contains a link to 'c8ql/appendix-glossary.html' which is not found in the documentation files. 
WARNING -  Documentation file 'cep/reference/values-n-types.md' contains a link to 'cep/reference/extensions/map.md' which is not found in the documentation files. 
WARNING -  Documentation file 'cep/reference/values-n-types.md' contains a link to 'cep/reference/extensions/map.md' which is not found in the documentation files. 
WARNING -  Documentation file 'cep/reference/values-n-types.md' contains a link to 'cep/reference/extensions.md' which is not found in the documentation files. 
WARNING -  Documentation file 'cep/reference/values-n-types.md' contains a link to 'cep/reference/extensions/list.md' which is not found in the documentation files. 
WARNING -  Documentation file 'cep/reference/values-n-types.md' contains a link to 'cep/reference/extensions/list.md' which is not found in the documentation files. 
WARNING -  Documentation file 'cep/reference/values-n-types.md' contains a link to 'cep/reference/extensions.md' which is not found in the documentation files. 
WARNING -  Documentation file 'cep/tutorials/consuming-data.md' contains a link to 'reference/cep/query-guide.md' which is not found in the documentation files. 
WARNING -  Documentation file 'cep/tutorials/consuming-data.md' contains a link to 'reference/cep/query-guide.md' which is not found in the documentation files. 
WARNING -  Documentation file 'cep/tutorials/create-stream-app.md' contains a link to 'cep/tutorials/exposing-data-as-api.md' which is not found in the documentation files. 
WARNING -  Documentation file 'cep/tutorials/create-stream-app.md' contains a link to 'reference/cep/overview.md' which is not found in the documentation files. 
WARNING -  Documentation file 'cep/tutorials/enriching-data.md' contains a link to 'reference/cep/query-guide.md' which is not found in the documentation files. 
WARNING -  Documentation file 'cep/tutorials/enriching-data.md' contains a link to 'reference/cep/extensions/io/http.md' which is not found in the documentation files. 
WARNING -  Documentation file 'cep/tutorials/enriching-data.md' contains a link to 'reference/cep/extensions/io/http.md' which is not found in the documentation files. 
WARNING -  Documentation file 'cep/tutorials/enriching-data.md' contains a link to 'reference/cep/extensions/execution/streamingml.md' which is not found in the documentation files. 
WARNING -  Documentation file 'cep/tutorials/enriching-data.md' contains a link to 'reference/cep/extensions/execution/math.md' which is not found in the documentation files. 
WARNING -  Documentation file 'cep/tutorials/enriching-data.md' contains a link to 'reference/cep/extensions/execution/time.md' which is not found in the documentation files. 
WARNING -  Documentation file 'cep/tutorials/enriching-data.md' contains a link to 'reference/cep/extensions/execution/json.md' which is not found in the documentation files. 
WARNING -  Documentation file 'cep/tutorials/publishing-data.md' contains a link to 'cep/tutorials/overview.md' which is not found in the documentation files. 
WARNING -  Documentation file 'cep/tutorials/summarizing-data.md' contains a link to 'reference/cep/extensions/execution/unique.md' which is not found in the documentation files. 
WARNING -  Documentation file 'cep/tutorials/summarizing-data.md' contains a link to 'reference/cep/extensions/execution/unique.md' which is not found in the documentation files. 
WARNING -  Documentation file 'cep/tutorials/transforming-data.md' contains a link to 'reference/cep/query-guide.md' which is not found in the documentation files. 
WARNING -  Documentation file 'cep/tutorials/using_rest_api.md' contains a link to 'cep/images/gdn-api-browser.png' which is not found in the documentation files. 
WARNING -  Documentation file 'documents/indexing/index-basics.md' contains a link to 'documents/indexing/indexing-hash.html' which is not found in the documentation files. 
WARNING -  Documentation file 'documents/indexing/working-with-indexes.md' contains a link to 'documents/c8ql/functions/fulltext.md' which is not found in the documentation files. 
WARNING -  Documentation file 'documents/indexing/working-with-indexes.md' contains a link to 'documents/c8ql/functions/geo.md' which is not found in the documentation files. 
WARNING -  Documentation file 'documents/indexing/working-with-indexes.md' contains a link to 'documents/c8ql/functions/geo.md' which is not found in the documentation files. 
WARNING -  Documentation file 'documents/indexing/working-with-indexes.md' contains a link to 'documents/c8ql/execution-and-performance-explaining-queries.md' which is not found in the documentation files. 
WARNING -  Documentation file 'documents/tutorials/overview.md' contains a link to 'documents/quickstart/essentials.md' which is not found in the documentation files. 
WARNING -  Documentation file 'documents/tutorials/overview.md' contains a link to 'documents/tutorials/using-c8ql.md' which is not found in the documentation files. 
WARNING -  Documentation file 'documents/tutorials/overview.md' contains a link to 'documents/tutorials/coming-from-sql.md' which is not found in the documentation files. 
WARNING -  Documentation file 'documents/tutorials/overview.md' contains a link to 'documents/tutorials/geospatial.md' which is not found in the documentation files. 
WARNING -  Documentation file 'documents/tutorials/overview.md' contains a link to 'documents/tutorials/working-with-graphs.md' which is not found in the documentation files. 
WARNING -  Documentation file 'documents/tutorials/overview.md' contains a link to 'documents/tutorials/graph-queries.md' which is not found in the documentation files. 
WARNING -  Documentation file 'documents/tutorials/overview.md' contains a link to 'documents/tutorials/queries-as-api.md' which is not found in the documentation files. 
WARNING -  Documentation file 'documents/tutorials/overview.md' contains a link to 'documents/tutorials/pub-sub-streams.md' which is not found in the documentation files. 
WARNING -  Documentation file 'documents/tutorials/overview.md' contains a link to 'documents/tutorials/streams-message-queues.md' which is not found in the documentation files. 
WARNING -  Documentation file 'documents/tutorials/overview.md' contains a link to 'documents/tutorials/cep/create-stream-app.md' which is not found in the documentation files. 
WARNING -  Documentation file 'documents/tutorials/overview.md' contains a link to 'documents/tutorials/cep/consuming-data.md' which is not found in the documentation files. 
WARNING -  Documentation file 'documents/tutorials/overview.md' contains a link to 'documents/tutorials/cep/filtering-data.md' which is not found in the documentation files. 
WARNING -  Documentation file 'documents/tutorials/overview.md' contains a link to 'documents/tutorials/cep/transforming-data.md' which is not found in the documentation files. 
WARNING -  Documentation file 'documents/tutorials/overview.md' contains a link to 'documents/tutorials/cep/enriching-data.md' which is not found in the documentation files. 
WARNING -  Documentation file 'documents/tutorials/overview.md' contains a link to 'documents/tutorials/cep/correlating-data.md' which is not found in the documentation files. 
WARNING -  Documentation file 'documents/tutorials/overview.md' contains a link to 'documents/tutorials/cep/summarizing-data.md' which is not found in the documentation files. 
WARNING -  Documentation file 'documents/tutorials/overview.md' contains a link to 'documents/tutorials/cep/triggering-flows.md' which is not found in the documentation files. 
WARNING -  Documentation file 'documents/tutorials/overview.md' contains a link to 'documents/tutorials/cep/publishing-data.md' which is not found in the documentation files. 
WARNING -  Documentation file 'documents/tutorials/overview.md' contains a link to 'documents/tutorials/cep/executing-scripts.md' which is not found in the documentation files. 
WARNING -  Documentation file 'documents/tutorials/using_rest_api.md' contains a link to 'documents/essentials.md' which is not found in the documentation files. 
WARNING -  Documentation file 'documents/tutorials/using_rest_api.md' contains a link to 'documents/tutorials/images/gdn-api-browser.png' which is not found in the documentation files. 
WARNING -  Documentation file 'dynamo/using-aws-js-browser.md' contains a link to 'dynamo/movidedata.zip' which is not found in the documentation files. 
WARNING -  Documentation file 'dynamo/using-aws-js-nodejs.md' contains a link to 'dynamo/movidedata.zip' which is not found in the documentation files. 
WARNING -  Documentation file 'dynamo/reference/readme.md' contains a link to 'dynamo/reference/ReadAnItem.md' which is not found in the documentation files. 
WARNING -  Documentation file 'dynamo/reference/mmdynamo/readme.md' contains a link to 'dynamo/reference/mmdynamo/ReadAnItem.md' which is not found in the documentation files. 
WARNING -  Documentation file 'dynamo/reference/mmdynamo/readme.md' contains a link to 'dynamo/reference/mmdynamo/updateTable.md' which is not found in the documentation files. 
WARNING -  Documentation file 'geospatial/concepts.md' contains a link to 'images/RestaurantsBetween.png' which is not found in the documentation files. 
WARNING -  Documentation file 'geospatial/concepts.md' contains a link to 'images/RestaurantsInNeighborhood.png' which is not found in the documentation files. 
WARNING -  Documentation file 'graphs/concepts.md' contains a link to 'graphs/graph-functions.md' which is not found in the documentation files. 
WARNING -  Documentation file 'graphs/concepts.md' contains a link to 'images/graph_user_in_group.png' which is not found in the documentation files. 
WARNING -  Documentation file 'graphs/concepts.md' contains a link to 'images/knows_graph.png' which is not found in the documentation files. 
WARNING -  Documentation file 'graphs/concepts.md' contains a link to 'images/social_graph.png' which is not found in the documentation files. 
WARNING -  Documentation file 'graphs/concepts.md' contains a link to 'images/cities_graph.png' which is not found in the documentation files. 
WARNING -  Documentation file 'graphs/concepts.md' contains a link to 'images/traversal_graph.png' which is not found in the documentation files. 
WARNING -  Documentation file 'graphs/concepts.md' contains a link to 'images/train_map.png' which is not found in the documentation files. 
WARNING -  Documentation file 'graphs/concepts.md' contains a link to 'images/world_graph.png' which is not found in the documentation files. 
WARNING -  Documentation file 'graphs/concepts.md' contains a link to 'images/mps_graph.png' which is not found in the documentation files. 
WARNING -  Documentation file 'graphs/concepts.md' contains a link to 'graphs/graphs.html' which is not found in the documentation files. 
WARNING -  Documentation file 'graphs/concepts.md' contains a link to 'images/cities_graph.png' which is not found in the documentation files. 
WARNING -  Documentation file 'keyvalue/tutorials/using-rest-api.md' contains a link to 'keyvalue/essentials.md' which is not found in the documentation files. 
WARNING -  Documentation file 'keyvalue/tutorials/using-rest-api.md' contains a link to 'keyvalue/images/gdn-api-browser.png' which is not found in the documentation files. 
WARNING -  Documentation file 'search/tutorials/using-rest-api.md' contains a link to 'search/essentials.md' which is not found in the documentation files. 
WARNING -  Documentation file 'search/tutorials/using-rest-api.md' contains a link to 'search/images/gdn-api-browser.png' which is not found in the documentation files. 
WARNING -  Documentation file 'streams/concepts.md' contains a link to 'images/stream-subscription-modes.png' which is not found in the documentation files. 
WARNING -  Documentation file 'streams/concepts.md' contains a link to 'images/stream-exclusive-subscriptions.png' which is not found in the documentation files. 
WARNING -  Documentation file 'streams/concepts.md' contains a link to 'images/stream-shared-subscriptions.png' which is not found in the documentation files. 
WARNING -  Documentation file 'streams/concepts.md' contains a link to 'images/stream-failover-subscriptions.png' which is not found in the documentation files. 
WARNING -  Documentation file 'streams/concepts.md' contains a link to 'images/stream-retention-expiry.png' which is not found in the documentation files. 
